#-----------------------------------------------------------
# Vivado v2023.1 (64-bit)
# SW Build 3865809 on Sun May  7 15:05:29 MDT 2023
# IP Build 3864474 on Sun May  7 20:36:21 MDT 2023
# SharedData Build 3865790 on Sun May 07 13:33:03 MDT 2023
# Start of session at: Thu Feb  1 17:54:24 2024
# Process ID: 32412
# Current directory: C:/Users/jaeha/OneDrive - Singapore University of Technology and Design/SEM 6/Digital System Lab/Basys_3_Handson_assignmnet/Basys_3_Handson_assignmnet.runs/impl_1
# Command line: vivado.exe -log handson_assignment.vdi -applog -product Vivado -messageDb vivado.pb -mode batch -source handson_assignment.tcl -notrace
# Log file: C:/Users/jaeha/OneDrive - Singapore University of Technology and Design/SEM 6/Digital System Lab/Basys_3_Handson_assignmnet/Basys_3_Handson_assignmnet.runs/impl_1/handson_assignment.vdi
# Journal file: C:/Users/jaeha/OneDrive - Singapore University of Technology and Design/SEM 6/Digital System Lab/Basys_3_Handson_assignmnet/Basys_3_Handson_assignmnet.runs/impl_1\vivado.jou
# Running On: LAPTOP-Q680ES50, OS: Windows, CPU Frequency: 3294 MHz, CPU Physical cores: 12, Host memory: 7897 MB
#-----------------------------------------------------------
source handson_assignment.tcl -notrace
